Flutter crash report.
Please report a bug at https://github.com/flutter/flutter/issues.

## command

flutter run --machine --start-paused -d 00008140-0014650C1420801C --devtools-server-address http://127.0.0.1:9100/ --target /Users/nickchappell/Documents/AmoungUs/among_us_role_assigner/lib/main.dart

## exception

SocketException: SocketException: Send failed (OS Error: No route to host, errno = 65), address = 0.0.0.0, port = 5353

```
#0      _NativeSocket.send (dart:io-patch/socket_patch.dart:1275:34)
#1      _RawDatagramSocket.send (dart:io-patch/socket_patch.dart:2590:15)
#2      MDnsClient.lookup (package:multicast_dns/multicast_dns.dart:219:22)
#3      MDnsVmServiceDiscovery._pollingVmService (package:flutter_tools/src/mdns_discovery.dart:232:66)
<asynchronous suspension>
#4      MDnsVmServiceDiscovery.firstMatchingVmService (package:flutter_tools/src/mdns_discovery.dart:188:56)
<asynchronous suspension>
#5      MDnsVmServiceDiscovery.getVMServiceUriForLaunch (package:flutter_tools/src/mdns_discovery.dart:433:50)
<asynchronous suspension>
#6      Future.any.onValue (dart:async/future.dart:628:5)
<asynchronous suspension>
```

## flutter doctor

```
[✓] Flutter (Channel stable, 3.24.4, on macOS 15.3.2 24D81 darwin-arm64, locale en-US)
    • Flutter version 3.24.4 on channel stable at /Users/nickchappell/development/flutter
    • Upstream repository https://github.com/flutter/flutter.git
    • Framework revision 603104015d (6 months ago), 2024-10-24 08:01:25 -0700
    • Engine revision db49896cf2
    • Dart version 3.5.4
    • DevTools version 2.37.3

[!] Android toolchain - develop for Android devices (Android SDK version 34.0.0)
    • Android SDK at /Users/nickchappell/Library/Android/sdk
    ✗ cmdline-tools component is missing
      Run `path/to/sdkmanager --install "cmdline-tools;latest"`
      See https://developer.android.com/studio/command-line for more details.
    ✗ Android license status unknown.
      Run `flutter doctor --android-licenses` to accept the SDK licenses.
      See https://flutter.dev/to/macos-android-setup for more details.

[✓] Xcode - develop for iOS and macOS (Xcode 16.0)
    • Xcode at /Applications/Xcode.app/Contents/Developer
    • Build 16A242d
    • CocoaPods version 1.16.2

[✓] Chrome - develop for the web
    • Chrome at /Applications/Google Chrome.app/Contents/MacOS/Google Chrome

[✓] Android Studio (version 2022.3)
    • Android Studio at /Applications/Android Studio.app/Contents
    • Flutter plugin can be installed from:
      🔨 https://plugins.jetbrains.com/plugin/9212-flutter
    • Dart plugin can be installed from:
      🔨 https://plugins.jetbrains.com/plugin/6351-dart
    • Java version OpenJDK Runtime Environment (build 17.0.6+0-17.0.6b829.9-10027231)

[✓] VS Code (version 1.99.3)
    • VS Code at /Applications/Visual Studio Code.app/Contents
    • Flutter extension version 3.108.0

[✓] Connected device (5 available)
    • Nick’s iPhone (mobile)          • 00008140-0014650C1420801C            • ios            • iOS 18.3.2 22D82
    • iPhone 16 (mobile)              • A5A606CC-5CC1-4AA1-87B7-4C8E31EFE2E7 • ios            • com.apple.CoreSimulator.SimRuntime.iOS-18-0 (simulator)
    • macOS (desktop)                 • macos                                • darwin-arm64   • macOS 15.3.2 24D81 darwin-arm64
    • Mac Designed for iPad (desktop) • mac-designed-for-ipad                • darwin         • macOS 15.3.2 24D81 darwin-arm64
    • Chrome (web)                    • chrome                               • web-javascript • Google Chrome 135.0.7049.115
    ! Error: Browsing on the local area network for Nick’s iPhone. Ensure the device is unlocked and attached with a cable or associated with the same local area network as this Mac.
      The device must be opted into Developer Mode to connect wirelessly. (code -27)
    ! Error: Browsing on the local area network for AshleeChappell. Ensure the device is unlocked and attached with a cable or associated with the same local area network as this Mac.
      The device must be opted into Developer Mode to connect wirelessly. (code -27)
    ! Error: Browsing on the local area network for Nick’s Apple Watch. Ensure the device is unlocked and discoverable via Bluetooth. (code -27)

[✓] Network resources
    • All expected network resources are available.

! Doctor found issues in 1 category.
```
